
== seed 1: victory (Every rival house has fallen.) at 15:59
  speed: 343x realtime, slowest tick 12.8 ms
  House Calder alive serfs 16 army 13 camels 1 villages 5 | bld 26 (mines 3 market 1 tavern 1 keep 1) | grain 21 timber 28 coin 60 stone 137 iron 215 coal 3 steel 9 arms 3 sci 0
  House Varr   FALLEN serfs 0 army 0 camels 0 villages 0 | bld 0 (mines 0 market 0 tavern 0 keep 0) | grain 100 timber 163 coin 108 stone 102 iron 200 coal 227 steel 10 arms 3 sci 0
  House Cael   FALLEN serfs 0 army 0 camels 0 villages 0 | bld 0 (mines 0 market 0 tavern 0 keep 0) | grain 32 timber 109 coin 98 stone 103 iron 215 coal 233 steel 4 arms 3 sci 0
  House Thorn  FALLEN serfs 0 army 0 camels 0 villages 0 | bld 0 (mines 0 market 0 tavern 0 keep 0) | grain 480 timber 91 coin 201 stone 190 iron 253 coal 7 steel 5 arms 0 sci 0
  exchanges 36; treaties 2; wars 4

== seed 2: victory (Every rival house has fallen.) at 14:26
  speed: 462x realtime, slowest tick 8.5 ms
  House Calder alive serfs 16 army 17 camels 1 villages 2 | bld 26 (mines 3 market 1 tavern 1 keep 1) | grain 410 timber 47 coin 212 stone 147 iron 218 coal 31 steel 10 arms 3 sci 3
  House Varr   FALLEN serfs 0 army 0 camels 0 villages 0 | bld 0 (mines 0 market 0 tavern 0 keep 0) | grain 26 timber 245 coin 44 stone 96 iron 229 coal 251 steel 5 arms 3 sci 0
  House Cael   FALLEN serfs 0 army 0 camels 0 villages 0 | bld 0 (mines 0 market 0 tavern 0 keep 0) | grain 7 timber 14 coin 546 stone 150 iron 261 coal 212 steel 0 arms 0 sci 0
  House Thorn  FALLEN serfs 0 army 0 camels 0 villages 0 | bld 0 (mines 0 market 0 tavern 0 keep 0) | grain 100 timber 196 coin 60 stone 132 iron 215 coal 258 steel 10 arms 3 sci 0
  exchanges 34; treaties 2; wars 4

== seed 3: defeat (Your hall and keep are gone.) at 11:49
  speed: 538x realtime, slowest tick 10.2 ms
  House Calder FALLEN serfs 0 army 0 camels 0 villages 0 | bld 0 (mines 0 market 0 tavern 0 keep 0) | grain 570 timber 9 coin 459 stone 155 iron 246 coal 151 steel 7 arms 0 sci 0
  House Varr   alive serfs 16 army 8 camels 1 villages 3 | bld 22 (mines 3 market 1 tavern 1 keep 1) | grain 37 timber 42 coin 127 stone 304 iron 256 coal 185 steel 2 arms 2 sci 0
  House Cael   alive serfs 16 army 13 camels 1 villages 4 | bld 17 (mines 3 market 0 tavern 1 keep 0) | grain 990 timber 147 coin 276 stone 160 iron 6 coal 250 steel 5 arms 0 sci 0
  House Thorn  alive serfs 16 army 5 camels 1 villages 3 | bld 21 (mines 3 market 1 tavern 1 keep 1) | grain 151 timber 9 coin 12 stone 116 iron 245 coal 9 steel 2 arms 2 sci 0
  exchanges 19; treaties 4; wars 2

== anomalies
  none
